// Jest Snapshot v1, https://goo.gl/fbAQLP

exports[`App renders without crashing 1`] = `
<React.Fragment>
  <withStyles(NavigationBar) />
  <h1>
    Welcome to React
  </h1>
  <Switch>
    <Route
      component={[Function]}
      path="/users"
    />
    <Route
      render={[Function]}
    />
  </Switch>
</React.Fragment>
`;
